com/athleticaos/backend/entities/PlayerTeam$PlayerTeamBuilder.class
com/athleticaos/backend/config/OrganisationSeedConfig.class
com/athleticaos/backend/repositories/PlayerRepository.class
com/athleticaos/backend/dtos/audit/AuditLogEntry.class
com/athleticaos/backend/dtos/tournament/TeamListRequest.class
com/athleticaos/backend/services/impl/StatisticsServiceImpl.class
com/athleticaos/backend/dtos/auth/AuthResponse.class
com/athleticaos/backend/dtos/match/MatchResponse$MatchResponseBuilder.class
com/athleticaos/backend/enums/OrganisationLevel.class
com/athleticaos/backend/controllers/TournamentController.class
com/athleticaos/backend/entities/User$UserBuilder.class
com/athleticaos/backend/dtos/stats/leaderboard/PlayerLeaderboardEntry.class
com/athleticaos/backend/entities/Team.class
com/athleticaos/backend/dtos/roster/PlayerSuspensionDTO$PlayerSuspensionDTOBuilder.class
com/athleticaos/backend/entities/TournamentStage$TournamentStageBuilder.class
com/athleticaos/backend/repositories/TournamentRepository.class
com/athleticaos/backend/dtos/auth/AuthResponse$AuthResponseBuilder.class
com/athleticaos/backend/dtos/system/ThemeConfigResponse.class
com/athleticaos/backend/audit/AuditLogger.class
com/athleticaos/backend/services/impl/PlayerServiceImpl.class
com/athleticaos/backend/dtos/public_api/PublicOrganisationBranding$PublicOrganisationBrandingBuilder.class
com/athleticaos/backend/services/impl/PlayerTeamServiceImpl.class
com/athleticaos/backend/dtos/player/PlayerUpdateRequest.class
com/athleticaos/backend/entities/MatchEvent$MatchEventBuilder.class
com/athleticaos/backend/dtos/public_api/PublicMatchEventResponse$PublicMatchEventResponseBuilder.class
com/athleticaos/backend/entities/MatchEvent.class
com/athleticaos/backend/dtos/org/OrganisationTreeNode$OrganisationTreeNodeBuilder.class
com/athleticaos/backend/dtos/user/UserUpdateRequest.class
com/athleticaos/backend/controllers/PublicTournamentController$1.class
com/athleticaos/backend/repositories/AuditLogRepository.class
com/athleticaos/backend/enums/MatchEventType.class
com/athleticaos/backend/config/WebMvcConfig.class
com/athleticaos/backend/dtos/stats/leaderboard/TeamLeaderboardEntry.class
com/athleticaos/backend/services/PlayerSuspensionService.class
com/athleticaos/backend/dtos/user/UserRolesResponse.class
com/athleticaos/backend/repositories/EventRepository.class
com/athleticaos/backend/dtos/playerteam/PlayerInTeamDTO$PlayerInTeamDTOBuilder.class
com/athleticaos/backend/repositories/MatchRepository.class
com/athleticaos/backend/dtos/match/MatchResponse.class
com/athleticaos/backend/services/impl/BracketServiceImpl$PoolStanding.class
com/athleticaos/backend/services/impl/BracketServiceImpl.class
com/athleticaos/backend/entities/TournamentStage.class
com/athleticaos/backend/services/TournamentService.class
com/athleticaos/backend/controllers/MatchController.class
com/athleticaos/backend/services/impl/MatchEventServiceImpl.class
com/athleticaos/backend/repositories/TournamentPlayerRepository.class
com/athleticaos/backend/dtos/roster/LineupPlayerDTO.class
com/athleticaos/backend/dtos/roster/LineupHintsDTO$LineupHintsDTOBuilder.class
com/athleticaos/backend/dtos/match/MatchUpdateRequest.class
com/athleticaos/backend/entities/Role.class
com/athleticaos/backend/controllers/MatchLineupController.class
com/athleticaos/backend/entities/Match$MatchBuilder.class
com/athleticaos/backend/dtos/public_api/PublicMatchSummaryResponse$PublicMatchSummaryResponseBuilder.class
com/athleticaos/backend/entities/UserOrganisation.class
com/athleticaos/backend/services/impl/MatchServiceImpl.class
com/athleticaos/backend/dtos/org/OrganisationTreeNode.class
com/athleticaos/backend/dtos/stats/PlayerStatsResponse.class
com/athleticaos/backend/dtos/roster/AddPlayersToRosterRequest$AddPlayersToRosterRequestBuilder.class
com/athleticaos/backend/dtos/player/PlayerResponse.class
com/athleticaos/backend/entities/PlayerSeasonLifecycle$PlayerSeasonLifecycleBuilder.class
com/athleticaos/backend/enums/CompetitionType.class
com/athleticaos/backend/dtos/tournament/TournamentDashboardResponse.class
com/athleticaos/backend/entities/TokenGeneration$TokenGenerationBuilder.class
com/athleticaos/backend/dtos/match/MatchEventCreateRequest.class
com/athleticaos/backend/dtos/player/PlayerResponse$PlayerResponseBuilder.class
com/athleticaos/backend/dtos/tournament/TournamentResponse$TournamentResponseBuilder.class
com/athleticaos/backend/entities/TeamPlayer$TeamPlayerBuilder.class
com/athleticaos/backend/entities/TournamentPlayer$TournamentPlayerBuilder.class
com/athleticaos/backend/repositories/PlayerSuspensionRepository.class
com/athleticaos/backend/dtos/stats/TeamStatsResponse.class
com/athleticaos/backend/services/TokenGenerationService.class
com/athleticaos/backend/entities/ThemeConfig$ThemeConfigBuilder.class
com/athleticaos/backend/entities/Tournament$TournamentBuilder.class
com/athleticaos/backend/entities/UserOrganisation$UserOrganisationBuilder.class
com/athleticaos/backend/dtos/system/ThemeConfigUpdateRequest$ThemeConfigUpdateRequestBuilder.class
com/athleticaos/backend/services/FormatService.class
com/athleticaos/backend/dtos/org/OrganisationResponse.class
com/athleticaos/backend/services/impl/TournamentRosterServiceImpl.class
com/athleticaos/backend/repositories/RoleRepository.class
com/athleticaos/backend/services/MatchEventService.class
com/athleticaos/backend/controllers/TeamController.class
com/athleticaos/backend/services/impl/ProgressionServiceImpl$1.class
com/athleticaos/backend/services/impl/TeamServiceImpl.class
com/athleticaos/backend/services/impl/PlayerSuspensionServiceImpl.class
com/athleticaos/backend/entities/AuditLog$AuditLogBuilder.class
com/athleticaos/backend/dtos/org/OrganisationCreateRequest$OrganisationCreateRequestBuilder.class
com/athleticaos/backend/dtos/user/UserResponse.class
com/athleticaos/backend/dtos/dashboard/DashboardStatsResponse.class
com/athleticaos/backend/dtos/audit/AuditLogEntry$AuditLogEntryBuilder.class
com/athleticaos/backend/entities/AuditLog.class
com/athleticaos/backend/dtos/org/OrganisationUpdateRequest$OrganisationUpdateRequestBuilder.class
com/athleticaos/backend/dtos/public_api/PublicTeamStatsResponse$PublicTeamStatsResponseBuilder.class
com/athleticaos/backend/dtos/public_api/PublicTournamentDetailResponse$PublicTournamentDetailResponseBuilder.class
com/athleticaos/backend/dtos/team/TeamUpdateRequest$TeamUpdateRequestBuilder.class
com/athleticaos/backend/dtos/public_api/PublicTournamentDetailResponse.class
com/athleticaos/backend/services/impl/OrganisationServiceImpl.class
com/athleticaos/backend/entities/Player$PlayerBuilder.class
com/athleticaos/backend/services/impl/TournamentServiceImpl.class
com/athleticaos/backend/dtos/roster/LineupPlayerDTO$LineupPlayerDTOBuilder.class
com/athleticaos/backend/AthleticaosBackendApplication.class
com/athleticaos/backend/dtos/match/MatchEventResponse.class
com/athleticaos/backend/enums/MatchStatus.class
com/athleticaos/backend/controllers/UserController.class
com/athleticaos/backend/dtos/team/TeamResponse$TeamResponseBuilder.class
com/athleticaos/backend/dtos/tournament/TournamentDashboardResponse$TournamentDashboardResponseBuilder.class
com/athleticaos/backend/services/OrganisationService.class
com/athleticaos/backend/entities/Person$PersonBuilder.class
com/athleticaos/backend/services/TeamService.class
com/athleticaos/backend/repositories/TeamPlayerRepository.class
com/athleticaos/backend/dtos/user/InviteUserRequest.class
com/athleticaos/backend/dtos/dashboard/DashboardStatsResponse$DashboardStatsResponseBuilder.class
com/athleticaos/backend/services/DashboardService.class
com/athleticaos/backend/entities/TeamPlayer.class
com/athleticaos/backend/services/BracketService.class
com/athleticaos/backend/dtos/user/UserCreateRequest.class
com/athleticaos/backend/entities/Season.class
com/athleticaos/backend/repositories/TeamRepository.class
com/athleticaos/backend/services/impl/BracketServiceImpl$KnockoutStageInfo.class
com/athleticaos/backend/services/EligibilityService.class
com/athleticaos/backend/utils/SlugGenerator.class
com/athleticaos/backend/services/ProgressionService.class
com/athleticaos/backend/dtos/public_api/PublicTeamStatsResponse.class
com/athleticaos/backend/dtos/tournament/TournamentStageResponse$TournamentStageResponseBuilder.class
com/athleticaos/backend/controllers/PlayerController.class
com/athleticaos/backend/config/UserSeedConfig.class
com/athleticaos/backend/entities/UserOrganisation$UserOrganisationId.class
com/athleticaos/backend/repositories/PersonRepository.class
com/athleticaos/backend/exceptions/GlobalExceptionHandler.class
com/athleticaos/backend/enums/TournamentLevel.class
com/athleticaos/backend/controllers/ThemeController.class
com/athleticaos/backend/dtos/tournament/TournamentUpdateRequest$TournamentUpdateRequestBuilder.class
com/athleticaos/backend/enums/SeasonStatus.class
com/athleticaos/backend/dtos/roster/TournamentPlayerDTO$TournamentPlayerDTOBuilder.class
com/athleticaos/backend/dtos/playerteam/AssignPlayerRequest.class
com/athleticaos/backend/dtos/match/MatchUpdateRequest$MatchUpdateRequestBuilder.class
com/athleticaos/backend/controllers/AuditController.class
com/athleticaos/backend/dtos/season/SeasonOverviewResponse.class
com/athleticaos/backend/entities/Team$TeamBuilder.class
com/athleticaos/backend/dtos/match/MatchCreateRequest$MatchCreateRequestBuilder.class
com/athleticaos/backend/dtos/audit/AuditLogResponse$AuditLogResponseBuilder.class
com/athleticaos/backend/entities/Tournament.class
com/athleticaos/backend/dtos/org/OrganisationResponse$OrganisationResponseBuilder.class
com/athleticaos/backend/dtos/auth/LoginRequest.class
com/athleticaos/backend/dtos/roster/EligibilityResult$EligibilityResultBuilder.class
com/athleticaos/backend/dtos/user/UserCreateRequest$UserCreateRequestBuilder.class
com/athleticaos/backend/entities/TournamentTeam$TournamentTeamBuilder.class
com/athleticaos/backend/repositories/UserRepository.class
com/athleticaos/backend/dtos/org/OrganisationCreateRequest.class
com/athleticaos/backend/dtos/audit/AuditLogResponse.class
com/athleticaos/backend/controllers/TournamentRosterController.class
com/athleticaos/backend/dtos/roster/TournamentPlayerDTO.class
com/athleticaos/backend/dtos/stats/TournamentStatsSummaryResponse.class
com/athleticaos/backend/dtos/auth/LoginRequest$LoginRequestBuilder.class
com/athleticaos/backend/services/impl/MatchServiceImpl$1.class
com/athleticaos/backend/services/impl/ProgressionServiceImpl.class
com/athleticaos/backend/repositories/TokenGenerationRepository.class
com/athleticaos/backend/repositories/ThemeConfigRepository.class
com/athleticaos/backend/dtos/roster/LineupHintsDTO.class
com/athleticaos/backend/services/ThemeService.class
com/athleticaos/backend/dtos/user/UserRolesResponse$UserRolesResponseBuilder.class
com/athleticaos/backend/entities/Role$RoleBuilder.class
com/athleticaos/backend/repositories/PlayerTeamRepository.class
com/athleticaos/backend/dtos/user/InviteUserResponse.class
com/athleticaos/backend/entities/Match.class
com/athleticaos/backend/security/JwtService.class
com/athleticaos/backend/entities/PlayerTeam.class
com/athleticaos/backend/dtos/system/ThemeConfigResponse$ThemeConfigResponseBuilder.class
com/athleticaos/backend/services/SeasonService.class
com/athleticaos/backend/dtos/tournament/TournamentStageResponse.class
com/athleticaos/backend/dtos/tournament/TournamentStageBracket$TournamentStageBracketBuilder.class
com/athleticaos/backend/entities/PlayerSeasonLifecycle.class
com/athleticaos/backend/dtos/team/TeamCreateRequest.class
com/athleticaos/backend/entities/PlayerSuspension$PlayerSuspensionBuilder.class
com/athleticaos/backend/dtos/tournament/BracketViewResponse$BracketViewResponseBuilder.class
com/athleticaos/backend/controllers/PlayerTeamController.class
com/athleticaos/backend/controllers/OrganisationController.class
com/athleticaos/backend/services/UserService.class
com/athleticaos/backend/repositories/PlayerSeasonLifecycleRepository.class
com/athleticaos/backend/dtos/match/MatchEventCreateRequest$MatchEventCreateRequestBuilder.class
com/athleticaos/backend/dtos/tournament/TournamentUpdateRequest.class
com/athleticaos/backend/entities/Season$SeasonBuilder.class
com/athleticaos/backend/dtos/public_api/PublicMatchEventResponse.class
com/athleticaos/backend/dtos/tournament/TeamListRequest$TeamListRequestBuilder.class
com/athleticaos/backend/controllers/PlayerSuspensionController.class
com/athleticaos/backend/dtos/public_api/PublicMatchDetailResponse$PublicMatchDetailResponseBuilder.class
com/athleticaos/backend/dtos/player/PlayerCreateRequest.class
com/athleticaos/backend/dtos/public_api/PublicMatchSummaryResponse$PublicMatchSummaryResponseBuilderImpl.class
com/athleticaos/backend/dtos/system/ThemeConfigUpdateRequest.class
com/athleticaos/backend/enums/TournamentFormat.class
com/athleticaos/backend/dtos/roster/PlayerSuspensionDTO.class
com/athleticaos/backend/dtos/public_api/PublicTeamSummary$PublicTeamSummaryBuilder.class
com/athleticaos/backend/security/JwtAuthenticationFilter.class
com/athleticaos/backend/dtos/team/TeamResponse.class
com/athleticaos/backend/services/AuditLogService.class
com/athleticaos/backend/services/PlayerService.class
com/athleticaos/backend/entities/ThemeConfig.class
com/athleticaos/backend/services/impl/OrganisationServiceImpl$1.class
com/athleticaos/backend/entities/PlayerSuspension.class
com/athleticaos/backend/dtos/tournament/BracketViewResponse.class
com/athleticaos/backend/dtos/public_api/PublicMatchSummaryResponse.class
com/athleticaos/backend/dtos/playerteam/PlayerInTeamDTO.class
com/athleticaos/backend/controllers/DashboardController.class
com/athleticaos/backend/entities/User.class
com/athleticaos/backend/services/impl/BracketServiceImpl$1.class
com/athleticaos/backend/dtos/team/TeamCreateRequest$TeamCreateRequestBuilder.class
com/athleticaos/backend/controllers/SeasonController.class
com/athleticaos/backend/dtos/public_api/PublicTournamentDetailResponse$PublicTournamentDetailResponseBuilderImpl.class
com/athleticaos/backend/services/FileStorageService.class
com/athleticaos/backend/entities/Organisation.class
com/athleticaos/backend/services/MatchService.class
com/athleticaos/backend/dtos/auth/RegisterRequest.class
com/athleticaos/backend/entities/Person.class
com/athleticaos/backend/controllers/PublicTournamentController.class
com/athleticaos/backend/dtos/tournament/TournamentStageBracket.class
com/athleticaos/backend/dtos/user/UserResponse$UserResponseBuilder.class
com/athleticaos/backend/controllers/AuthenticationController.class
com/athleticaos/backend/dtos/playerteam/AssignPlayerRequest$AssignPlayerRequestBuilder.class
com/athleticaos/backend/services/impl/FormatServiceImpl.class
com/athleticaos/backend/dtos/tournament/BracketGenerationRequest$BracketGenerationRequestBuilder.class
com/athleticaos/backend/services/impl/StatisticsServiceImpl$1.class
com/athleticaos/backend/dtos/public_api/PublicOrganisationBranding.class
com/athleticaos/backend/exceptions/ErrorResponse.class
com/athleticaos/backend/dtos/public_api/PublicMatchDetailResponse$PublicMatchDetailResponseBuilderImpl.class
com/athleticaos/backend/dtos/tournament/TournamentCreateRequest$TournamentCreateRequestBuilder.class
com/athleticaos/backend/entities/TournamentTeam.class
com/athleticaos/backend/controllers/MatchEventController.class
com/athleticaos/backend/services/TournamentRosterService.class
com/athleticaos/backend/enums/SeasonLevel.class
com/athleticaos/backend/dtos/user/PlayerResponse.class
com/athleticaos/backend/controllers/StatisticsController.class
com/athleticaos/backend/security/SecurityConfig.class
com/athleticaos/backend/dtos/tournament/TournamentCreateRequest.class
com/athleticaos/backend/dtos/public_api/PublicMatchDetailResponse.class
com/athleticaos/backend/services/impl/DashboardServiceImpl.class
com/athleticaos/backend/dtos/stats/leaderboard/TournamentLeaderboardResponse.class
com/athleticaos/backend/repositories/SeasonRepository.class
com/athleticaos/backend/repositories/TournamentTeamRepository.class
com/athleticaos/backend/dtos/public_api/PublicTournamentSummaryResponse.class
com/athleticaos/backend/dtos/team/TeamUpdateRequest.class
com/athleticaos/backend/dtos/user/InviteUserResponse$InviteUserResponseBuilder.class
com/athleticaos/backend/dtos/user/InviteUserRequest$InviteUserRequestBuilder.class
com/athleticaos/backend/dtos/tournament/TournamentResponse.class
com/athleticaos/backend/dtos/season/SeasonOverviewResponse$SeasonOverviewResponseBuilder.class
com/athleticaos/backend/entities/Event.class
com/athleticaos/backend/services/AuthService.class
com/athleticaos/backend/entities/Event$EventBuilder.class
com/athleticaos/backend/dtos/match/MatchEventResponse$MatchEventResponseBuilder.class
com/athleticaos/backend/security/UserDetailsServiceImpl.class
com/athleticaos/backend/dtos/tournament/BracketGenerationRequest.class
com/athleticaos/backend/dtos/public_api/PublicTeamSummary.class
com/athleticaos/backend/services/impl/SeasonServiceImpl.class
com/athleticaos/backend/entities/Player.class
com/athleticaos/backend/dtos/auth/RegisterRequest$RegisterRequestBuilder.class
com/athleticaos/backend/dtos/roster/EligibilityResult.class
com/athleticaos/backend/dtos/org/OrganisationUpdateRequest.class
com/athleticaos/backend/enums/TournamentStageType.class
com/athleticaos/backend/repositories/TournamentStageRepository.class
com/athleticaos/backend/dtos/roster/AddPlayersToRosterRequest.class
com/athleticaos/backend/dtos/user/UserUpdateRequest$UserUpdateRequestBuilder.class
com/athleticaos/backend/dtos/match/MatchCreateRequest.class
com/athleticaos/backend/repositories/MatchEventRepository.class
com/athleticaos/backend/entities/Organisation$OrganisationBuilder.class
com/athleticaos/backend/controllers/FileUploadController.class
com/athleticaos/backend/services/PlayerTeamService.class
com/athleticaos/backend/dtos/public_api/PublicTournamentSummaryResponse$PublicTournamentSummaryResponseBuilderImpl.class
com/athleticaos/backend/services/impl/EligibilityServiceImpl.class
com/athleticaos/backend/services/StatisticsService.class
com/athleticaos/backend/repositories/OrganisationRepository.class
com/athleticaos/backend/entities/TokenGeneration.class
com/athleticaos/backend/entities/TournamentPlayer.class
com/athleticaos/backend/repositories/UserOrganisationRepository.class
com/athleticaos/backend/dtos/public_api/PublicTournamentSummaryResponse$PublicTournamentSummaryResponseBuilder.class
