/Users/futureflash/Desktop/Projects/athleticaos/backend/src/main/java/com/athleticaos/backend/security/JwtService.java
/Users/futureflash/Desktop/Projects/athleticaos/backend/src/main/java/com/athleticaos/backend/controllers/TeamController.java
/Users/futureflash/Desktop/Projects/athleticaos/backend/src/main/java/com/athleticaos/backend/dtos/tournament/TournamentDashboardResponse.java
/Users/futureflash/Desktop/Projects/athleticaos/backend/src/main/java/com/athleticaos/backend/dtos/roster/LineupPlayerDTO.java
/Users/futureflash/Desktop/Projects/athleticaos/backend/src/main/java/com/athleticaos/backend/services/impl/FormatServiceImpl.java
/Users/futureflash/Desktop/Projects/athleticaos/backend/src/main/java/com/athleticaos/backend/repositories/TeamRepository.java
/Users/futureflash/Desktop/Projects/athleticaos/backend/src/main/java/com/athleticaos/backend/entities/TokenGeneration.java
/Users/futureflash/Desktop/Projects/athleticaos/backend/src/main/java/com/athleticaos/backend/audit/AuditLogger.java
/Users/futureflash/Desktop/Projects/athleticaos/backend/src/main/java/com/athleticaos/backend/config/WebMvcConfig.java
/Users/futureflash/Desktop/Projects/athleticaos/backend/src/main/java/com/athleticaos/backend/repositories/TokenGenerationRepository.java
/Users/futureflash/Desktop/Projects/athleticaos/backend/src/main/java/com/athleticaos/backend/exceptions/ErrorResponse.java
/Users/futureflash/Desktop/Projects/athleticaos/backend/src/main/java/com/athleticaos/backend/dtos/public_api/PublicTeamSummary.java
/Users/futureflash/Desktop/Projects/athleticaos/backend/src/main/java/com/athleticaos/backend/repositories/ThemeConfigRepository.java
/Users/futureflash/Desktop/Projects/athleticaos/backend/src/main/java/com/athleticaos/backend/controllers/OrganisationController.java
/Users/futureflash/Desktop/Projects/athleticaos/backend/src/main/java/com/athleticaos/backend/controllers/PublicTournamentController.java
/Users/futureflash/Desktop/Projects/athleticaos/backend/src/main/java/com/athleticaos/backend/entities/TournamentTeam.java
/Users/futureflash/Desktop/Projects/athleticaos/backend/src/main/java/com/athleticaos/backend/enums/TournamentStageType.java
/Users/futureflash/Desktop/Projects/athleticaos/backend/src/main/java/com/athleticaos/backend/services/TournamentService.java
/Users/futureflash/Desktop/Projects/athleticaos/backend/src/main/java/com/athleticaos/backend/entities/PlayerTeam.java
/Users/futureflash/Desktop/Projects/athleticaos/backend/src/main/java/com/athleticaos/backend/dtos/stats/TournamentStatsSummaryResponse.java
/Users/futureflash/Desktop/Projects/athleticaos/backend/src/main/java/com/athleticaos/backend/exceptions/GlobalExceptionHandler.java
/Users/futureflash/Desktop/Projects/athleticaos/backend/src/main/java/com/athleticaos/backend/services/impl/StatisticsServiceImpl.java
/Users/futureflash/Desktop/Projects/athleticaos/backend/src/main/java/com/athleticaos/backend/services/FormatService.java
/Users/futureflash/Desktop/Projects/athleticaos/backend/src/main/java/com/athleticaos/backend/repositories/PlayerSuspensionRepository.java
/Users/futureflash/Desktop/Projects/athleticaos/backend/src/main/java/com/athleticaos/backend/entities/PlayerSeasonLifecycle.java
/Users/futureflash/Desktop/Projects/athleticaos/backend/src/main/java/com/athleticaos/backend/repositories/OrganisationRepository.java
/Users/futureflash/Desktop/Projects/athleticaos/backend/src/main/java/com/athleticaos/backend/config/OrganisationSeedConfig.java
/Users/futureflash/Desktop/Projects/athleticaos/backend/src/main/java/com/athleticaos/backend/repositories/UserOrganisationRepository.java
/Users/futureflash/Desktop/Projects/athleticaos/backend/src/main/java/com/athleticaos/backend/dtos/tournament/TournamentCreateRequest.java
/Users/futureflash/Desktop/Projects/athleticaos/backend/src/main/java/com/athleticaos/backend/services/UserService.java
/Users/futureflash/Desktop/Projects/athleticaos/backend/src/main/java/com/athleticaos/backend/dtos/roster/EligibilityResult.java
/Users/futureflash/Desktop/Projects/athleticaos/backend/src/main/java/com/athleticaos/backend/dtos/org/OrganisationResponse.java
/Users/futureflash/Desktop/Projects/athleticaos/backend/src/main/java/com/athleticaos/backend/repositories/PlayerTeamRepository.java
/Users/futureflash/Desktop/Projects/athleticaos/backend/src/main/java/com/athleticaos/backend/services/OrganisationService.java
/Users/futureflash/Desktop/Projects/athleticaos/backend/src/main/java/com/athleticaos/backend/services/impl/MatchEventServiceImpl.java
/Users/futureflash/Desktop/Projects/athleticaos/backend/src/main/java/com/athleticaos/backend/controllers/TournamentRosterController.java
/Users/futureflash/Desktop/Projects/athleticaos/backend/src/main/java/com/athleticaos/backend/entities/PlayerSuspension.java
/Users/futureflash/Desktop/Projects/athleticaos/backend/src/main/java/com/athleticaos/backend/services/impl/TournamentRosterServiceImpl.java
/Users/futureflash/Desktop/Projects/athleticaos/backend/src/main/java/com/athleticaos/backend/services/impl/TeamServiceImpl.java
/Users/futureflash/Desktop/Projects/athleticaos/backend/src/main/java/com/athleticaos/backend/services/impl/ProgressionServiceImpl.java
/Users/futureflash/Desktop/Projects/athleticaos/backend/src/main/java/com/athleticaos/backend/dtos/public_api/PublicTeamStatsResponse.java
/Users/futureflash/Desktop/Projects/athleticaos/backend/src/main/java/com/athleticaos/backend/dtos/user/UserRolesResponse.java
/Users/futureflash/Desktop/Projects/athleticaos/backend/src/main/java/com/athleticaos/backend/security/JwtAuthenticationFilter.java
/Users/futureflash/Desktop/Projects/athleticaos/backend/src/main/java/com/athleticaos/backend/services/impl/EligibilityServiceImpl.java
/Users/futureflash/Desktop/Projects/athleticaos/backend/src/main/java/com/athleticaos/backend/services/FileStorageService.java
/Users/futureflash/Desktop/Projects/athleticaos/backend/src/main/java/com/athleticaos/backend/controllers/FileUploadController.java
/Users/futureflash/Desktop/Projects/athleticaos/backend/src/main/java/com/athleticaos/backend/services/AuthService.java
/Users/futureflash/Desktop/Projects/athleticaos/backend/src/main/java/com/athleticaos/backend/dtos/tournament/TournamentStageResponse.java
/Users/futureflash/Desktop/Projects/athleticaos/backend/src/main/java/com/athleticaos/backend/enums/TournamentLevel.java
/Users/futureflash/Desktop/Projects/athleticaos/backend/src/main/java/com/athleticaos/backend/services/EligibilityService.java
/Users/futureflash/Desktop/Projects/athleticaos/backend/src/main/java/com/athleticaos/backend/entities/Event.java
/Users/futureflash/Desktop/Projects/athleticaos/backend/src/main/java/com/athleticaos/backend/dtos/auth/RegisterRequest.java
/Users/futureflash/Desktop/Projects/athleticaos/backend/src/main/java/com/athleticaos/backend/dtos/user/PlayerResponse.java
/Users/futureflash/Desktop/Projects/athleticaos/backend/src/main/java/com/athleticaos/backend/dtos/match/MatchEventResponse.java
/Users/futureflash/Desktop/Projects/athleticaos/backend/src/main/java/com/athleticaos/backend/controllers/UserController.java
/Users/futureflash/Desktop/Projects/athleticaos/backend/src/main/java/com/athleticaos/backend/repositories/RoleRepository.java
/Users/futureflash/Desktop/Projects/athleticaos/backend/src/main/java/com/athleticaos/backend/services/impl/BracketServiceImpl.java
/Users/futureflash/Desktop/Projects/athleticaos/backend/src/main/java/com/athleticaos/backend/dtos/tournament/TournamentResponse.java
/Users/futureflash/Desktop/Projects/athleticaos/backend/src/main/java/com/athleticaos/backend/dtos/tournament/BracketGenerationRequest.java
/Users/futureflash/Desktop/Projects/athleticaos/backend/src/main/java/com/athleticaos/backend/dtos/auth/LoginRequest.java
/Users/futureflash/Desktop/Projects/athleticaos/backend/src/main/java/com/athleticaos/backend/dtos/public_api/PublicTournamentSummaryResponse.java
/Users/futureflash/Desktop/Projects/athleticaos/backend/src/main/java/com/athleticaos/backend/dtos/public_api/PublicTournamentDetailResponse.java
/Users/futureflash/Desktop/Projects/athleticaos/backend/src/main/java/com/athleticaos/backend/enums/TournamentFormat.java
/Users/futureflash/Desktop/Projects/athleticaos/backend/src/main/java/com/athleticaos/backend/dtos/user/InviteUserRequest.java
/Users/futureflash/Desktop/Projects/athleticaos/backend/src/main/java/com/athleticaos/backend/services/PlayerSuspensionService.java
/Users/futureflash/Desktop/Projects/athleticaos/backend/src/main/java/com/athleticaos/backend/dtos/player/PlayerCreateRequest.java
/Users/futureflash/Desktop/Projects/athleticaos/backend/src/main/java/com/athleticaos/backend/repositories/TeamPlayerRepository.java
/Users/futureflash/Desktop/Projects/athleticaos/backend/src/main/java/com/athleticaos/backend/dtos/match/MatchCreateRequest.java
/Users/futureflash/Desktop/Projects/athleticaos/backend/src/main/java/com/athleticaos/backend/services/impl/SeasonServiceImpl.java
/Users/futureflash/Desktop/Projects/athleticaos/backend/src/main/java/com/athleticaos/backend/services/StatisticsService.java
/Users/futureflash/Desktop/Projects/athleticaos/backend/src/main/java/com/athleticaos/backend/enums/MatchStatus.java
/Users/futureflash/Desktop/Projects/athleticaos/backend/src/main/java/com/athleticaos/backend/dtos/org/OrganisationTreeNode.java
/Users/futureflash/Desktop/Projects/athleticaos/backend/src/main/java/com/athleticaos/backend/AthleticaosBackendApplication.java
/Users/futureflash/Desktop/Projects/athleticaos/backend/src/main/java/com/athleticaos/backend/dtos/user/UserCreateRequest.java
/Users/futureflash/Desktop/Projects/athleticaos/backend/src/main/java/com/athleticaos/backend/entities/UserOrganisation.java
/Users/futureflash/Desktop/Projects/athleticaos/backend/src/main/java/com/athleticaos/backend/dtos/auth/AuthResponse.java
/Users/futureflash/Desktop/Projects/athleticaos/backend/src/main/java/com/athleticaos/backend/dtos/match/MatchResponse.java
/Users/futureflash/Desktop/Projects/athleticaos/backend/src/main/java/com/athleticaos/backend/entities/Player.java
/Users/futureflash/Desktop/Projects/athleticaos/backend/src/main/java/com/athleticaos/backend/controllers/PlayerTeamController.java
/Users/futureflash/Desktop/Projects/athleticaos/backend/src/main/java/com/athleticaos/backend/controllers/MatchLineupController.java
/Users/futureflash/Desktop/Projects/athleticaos/backend/src/main/java/com/athleticaos/backend/config/UserSeedConfig.java
/Users/futureflash/Desktop/Projects/athleticaos/backend/src/main/java/com/athleticaos/backend/dtos/roster/AddPlayersToRosterRequest.java
/Users/futureflash/Desktop/Projects/athleticaos/backend/src/main/java/com/athleticaos/backend/entities/User.java
/Users/futureflash/Desktop/Projects/athleticaos/backend/src/main/java/com/athleticaos/backend/repositories/UserRepository.java
/Users/futureflash/Desktop/Projects/athleticaos/backend/src/main/java/com/athleticaos/backend/dtos/public_api/PublicOrganisationBranding.java
/Users/futureflash/Desktop/Projects/athleticaos/backend/src/main/java/com/athleticaos/backend/enums/CompetitionType.java
/Users/futureflash/Desktop/Projects/athleticaos/backend/src/main/java/com/athleticaos/backend/dtos/public_api/PublicMatchEventResponse.java
/Users/futureflash/Desktop/Projects/athleticaos/backend/src/main/java/com/athleticaos/backend/services/impl/PlayerSuspensionServiceImpl.java
/Users/futureflash/Desktop/Projects/athleticaos/backend/src/main/java/com/athleticaos/backend/entities/Match.java
/Users/futureflash/Desktop/Projects/athleticaos/backend/src/main/java/com/athleticaos/backend/dtos/playerteam/AssignPlayerRequest.java
/Users/futureflash/Desktop/Projects/athleticaos/backend/src/main/java/com/athleticaos/backend/dtos/tournament/TournamentUpdateRequest.java
/Users/futureflash/Desktop/Projects/athleticaos/backend/src/main/java/com/athleticaos/backend/dtos/tournament/TournamentStageBracket.java
/Users/futureflash/Desktop/Projects/athleticaos/backend/src/main/java/com/athleticaos/backend/services/PlayerService.java
/Users/futureflash/Desktop/Projects/athleticaos/backend/src/main/java/com/athleticaos/backend/entities/ThemeConfig.java
/Users/futureflash/Desktop/Projects/athleticaos/backend/src/main/java/com/athleticaos/backend/repositories/PlayerSeasonLifecycleRepository.java
/Users/futureflash/Desktop/Projects/athleticaos/backend/src/main/java/com/athleticaos/backend/enums/MatchEventType.java
/Users/futureflash/Desktop/Projects/athleticaos/backend/src/main/java/com/athleticaos/backend/services/impl/DashboardServiceImpl.java
/Users/futureflash/Desktop/Projects/athleticaos/backend/src/main/java/com/athleticaos/backend/dtos/system/ThemeConfigResponse.java
/Users/futureflash/Desktop/Projects/athleticaos/backend/src/main/java/com/athleticaos/backend/dtos/match/MatchEventCreateRequest.java
/Users/futureflash/Desktop/Projects/athleticaos/backend/src/main/java/com/athleticaos/backend/dtos/audit/AuditLogEntry.java
/Users/futureflash/Desktop/Projects/athleticaos/backend/src/main/java/com/athleticaos/backend/dtos/org/OrganisationUpdateRequest.java
/Users/futureflash/Desktop/Projects/athleticaos/backend/src/main/java/com/athleticaos/backend/entities/Organisation.java
/Users/futureflash/Desktop/Projects/athleticaos/backend/src/main/java/com/athleticaos/backend/dtos/season/SeasonOverviewResponse.java
/Users/futureflash/Desktop/Projects/athleticaos/backend/src/main/java/com/athleticaos/backend/dtos/roster/PlayerSuspensionDTO.java
/Users/futureflash/Desktop/Projects/athleticaos/backend/src/main/java/com/athleticaos/backend/dtos/org/OrganisationCreateRequest.java
/Users/futureflash/Desktop/Projects/athleticaos/backend/src/main/java/com/athleticaos/backend/entities/Team.java
/Users/futureflash/Desktop/Projects/athleticaos/backend/src/main/java/com/athleticaos/backend/services/SeasonService.java
/Users/futureflash/Desktop/Projects/athleticaos/backend/src/main/java/com/athleticaos/backend/controllers/DashboardController.java
/Users/futureflash/Desktop/Projects/athleticaos/backend/src/main/java/com/athleticaos/backend/controllers/PlayerSuspensionController.java
/Users/futureflash/Desktop/Projects/athleticaos/backend/src/main/java/com/athleticaos/backend/entities/Role.java
/Users/futureflash/Desktop/Projects/athleticaos/backend/src/main/java/com/athleticaos/backend/utils/SlugGenerator.java
/Users/futureflash/Desktop/Projects/athleticaos/backend/src/main/java/com/athleticaos/backend/services/TournamentRosterService.java
/Users/futureflash/Desktop/Projects/athleticaos/backend/src/main/java/com/athleticaos/backend/services/DashboardService.java
/Users/futureflash/Desktop/Projects/athleticaos/backend/src/main/java/com/athleticaos/backend/entities/MatchEvent.java
/Users/futureflash/Desktop/Projects/athleticaos/backend/src/main/java/com/athleticaos/backend/controllers/AuditController.java
/Users/futureflash/Desktop/Projects/athleticaos/backend/src/main/java/com/athleticaos/backend/entities/TeamPlayer.java
/Users/futureflash/Desktop/Projects/athleticaos/backend/src/main/java/com/athleticaos/backend/dtos/team/TeamResponse.java
/Users/futureflash/Desktop/Projects/athleticaos/backend/src/main/java/com/athleticaos/backend/repositories/TournamentTeamRepository.java
/Users/futureflash/Desktop/Projects/athleticaos/backend/src/main/java/com/athleticaos/backend/repositories/TournamentPlayerRepository.java
/Users/futureflash/Desktop/Projects/athleticaos/backend/src/main/java/com/athleticaos/backend/dtos/roster/LineupHintsDTO.java
/Users/futureflash/Desktop/Projects/athleticaos/backend/src/main/java/com/athleticaos/backend/entities/AuditLog.java
/Users/futureflash/Desktop/Projects/athleticaos/backend/src/main/java/com/athleticaos/backend/services/impl/OrganisationServiceImpl.java
/Users/futureflash/Desktop/Projects/athleticaos/backend/src/main/java/com/athleticaos/backend/services/impl/PlayerTeamServiceImpl.java
/Users/futureflash/Desktop/Projects/athleticaos/backend/src/main/java/com/athleticaos/backend/enums/SeasonStatus.java
/Users/futureflash/Desktop/Projects/athleticaos/backend/src/main/java/com/athleticaos/backend/entities/Season.java
/Users/futureflash/Desktop/Projects/athleticaos/backend/src/main/java/com/athleticaos/backend/dtos/user/UserUpdateRequest.java
/Users/futureflash/Desktop/Projects/athleticaos/backend/src/main/java/com/athleticaos/backend/services/TokenGenerationService.java
/Users/futureflash/Desktop/Projects/athleticaos/backend/src/main/java/com/athleticaos/backend/services/AuditLogService.java
/Users/futureflash/Desktop/Projects/athleticaos/backend/src/main/java/com/athleticaos/backend/dtos/team/TeamUpdateRequest.java
/Users/futureflash/Desktop/Projects/athleticaos/backend/src/main/java/com/athleticaos/backend/repositories/PersonRepository.java
/Users/futureflash/Desktop/Projects/athleticaos/backend/src/main/java/com/athleticaos/backend/dtos/stats/leaderboard/TeamLeaderboardEntry.java
/Users/futureflash/Desktop/Projects/athleticaos/backend/src/main/java/com/athleticaos/backend/services/MatchService.java
/Users/futureflash/Desktop/Projects/athleticaos/backend/src/main/java/com/athleticaos/backend/entities/TournamentStage.java
/Users/futureflash/Desktop/Projects/athleticaos/backend/src/main/java/com/athleticaos/backend/services/PlayerTeamService.java
/Users/futureflash/Desktop/Projects/athleticaos/backend/src/main/java/com/athleticaos/backend/services/TeamService.java
/Users/futureflash/Desktop/Projects/athleticaos/backend/src/main/java/com/athleticaos/backend/entities/TournamentPlayer.java
/Users/futureflash/Desktop/Projects/athleticaos/backend/src/main/java/com/athleticaos/backend/dtos/stats/TeamStatsResponse.java
/Users/futureflash/Desktop/Projects/athleticaos/backend/src/main/java/com/athleticaos/backend/controllers/PlayerController.java
/Users/futureflash/Desktop/Projects/athleticaos/backend/src/main/java/com/athleticaos/backend/services/ThemeService.java
/Users/futureflash/Desktop/Projects/athleticaos/backend/src/main/java/com/athleticaos/backend/dtos/tournament/TeamListRequest.java
/Users/futureflash/Desktop/Projects/athleticaos/backend/src/main/java/com/athleticaos/backend/controllers/MatchController.java
/Users/futureflash/Desktop/Projects/athleticaos/backend/src/main/java/com/athleticaos/backend/repositories/TournamentRepository.java
/Users/futureflash/Desktop/Projects/athleticaos/backend/src/main/java/com/athleticaos/backend/dtos/player/PlayerUpdateRequest.java
/Users/futureflash/Desktop/Projects/athleticaos/backend/src/main/java/com/athleticaos/backend/security/UserDetailsServiceImpl.java
/Users/futureflash/Desktop/Projects/athleticaos/backend/src/main/java/com/athleticaos/backend/dtos/playerteam/PlayerInTeamDTO.java
/Users/futureflash/Desktop/Projects/athleticaos/backend/src/main/java/com/athleticaos/backend/dtos/roster/TournamentPlayerDTO.java
/Users/futureflash/Desktop/Projects/athleticaos/backend/src/main/java/com/athleticaos/backend/services/impl/PlayerServiceImpl.java
/Users/futureflash/Desktop/Projects/athleticaos/backend/src/main/java/com/athleticaos/backend/enums/OrganisationLevel.java
/Users/futureflash/Desktop/Projects/athleticaos/backend/src/main/java/com/athleticaos/backend/dtos/stats/leaderboard/TournamentLeaderboardResponse.java
/Users/futureflash/Desktop/Projects/athleticaos/backend/src/main/java/com/athleticaos/backend/security/SecurityConfig.java
/Users/futureflash/Desktop/Projects/athleticaos/backend/src/main/java/com/athleticaos/backend/controllers/AuthenticationController.java
/Users/futureflash/Desktop/Projects/athleticaos/backend/src/main/java/com/athleticaos/backend/dtos/user/InviteUserResponse.java
/Users/futureflash/Desktop/Projects/athleticaos/backend/src/main/java/com/athleticaos/backend/dtos/stats/PlayerStatsResponse.java
/Users/futureflash/Desktop/Projects/athleticaos/backend/src/main/java/com/athleticaos/backend/enums/SeasonLevel.java
/Users/futureflash/Desktop/Projects/athleticaos/backend/src/main/java/com/athleticaos/backend/repositories/MatchRepository.java
/Users/futureflash/Desktop/Projects/athleticaos/backend/src/main/java/com/athleticaos/backend/services/impl/MatchServiceImpl.java
/Users/futureflash/Desktop/Projects/athleticaos/backend/src/main/java/com/athleticaos/backend/dtos/audit/AuditLogResponse.java
/Users/futureflash/Desktop/Projects/athleticaos/backend/src/main/java/com/athleticaos/backend/entities/Person.java
/Users/futureflash/Desktop/Projects/athleticaos/backend/src/main/java/com/athleticaos/backend/repositories/AuditLogRepository.java
/Users/futureflash/Desktop/Projects/athleticaos/backend/src/main/java/com/athleticaos/backend/services/ProgressionService.java
/Users/futureflash/Desktop/Projects/athleticaos/backend/src/main/java/com/athleticaos/backend/controllers/MatchEventController.java
/Users/futureflash/Desktop/Projects/athleticaos/backend/src/main/java/com/athleticaos/backend/dtos/public_api/PublicMatchDetailResponse.java
/Users/futureflash/Desktop/Projects/athleticaos/backend/src/main/java/com/athleticaos/backend/repositories/TournamentStageRepository.java
/Users/futureflash/Desktop/Projects/athleticaos/backend/src/main/java/com/athleticaos/backend/dtos/dashboard/DashboardStatsResponse.java
/Users/futureflash/Desktop/Projects/athleticaos/backend/src/main/java/com/athleticaos/backend/controllers/StatisticsController.java
/Users/futureflash/Desktop/Projects/athleticaos/backend/src/main/java/com/athleticaos/backend/dtos/public_api/PublicMatchSummaryResponse.java
/Users/futureflash/Desktop/Projects/athleticaos/backend/src/main/java/com/athleticaos/backend/repositories/PlayerRepository.java
/Users/futureflash/Desktop/Projects/athleticaos/backend/src/main/java/com/athleticaos/backend/dtos/system/ThemeConfigUpdateRequest.java
/Users/futureflash/Desktop/Projects/athleticaos/backend/src/main/java/com/athleticaos/backend/dtos/player/PlayerResponse.java
/Users/futureflash/Desktop/Projects/athleticaos/backend/src/main/java/com/athleticaos/backend/dtos/stats/leaderboard/PlayerLeaderboardEntry.java
/Users/futureflash/Desktop/Projects/athleticaos/backend/src/main/java/com/athleticaos/backend/repositories/EventRepository.java
/Users/futureflash/Desktop/Projects/athleticaos/backend/src/main/java/com/athleticaos/backend/dtos/team/TeamCreateRequest.java
/Users/futureflash/Desktop/Projects/athleticaos/backend/src/main/java/com/athleticaos/backend/entities/Tournament.java
/Users/futureflash/Desktop/Projects/athleticaos/backend/src/main/java/com/athleticaos/backend/controllers/TournamentController.java
/Users/futureflash/Desktop/Projects/athleticaos/backend/src/main/java/com/athleticaos/backend/controllers/ThemeController.java
/Users/futureflash/Desktop/Projects/athleticaos/backend/src/main/java/com/athleticaos/backend/dtos/match/MatchUpdateRequest.java
/Users/futureflash/Desktop/Projects/athleticaos/backend/src/main/java/com/athleticaos/backend/services/BracketService.java
/Users/futureflash/Desktop/Projects/athleticaos/backend/src/main/java/com/athleticaos/backend/controllers/SeasonController.java
/Users/futureflash/Desktop/Projects/athleticaos/backend/src/main/java/com/athleticaos/backend/services/impl/TournamentServiceImpl.java
/Users/futureflash/Desktop/Projects/athleticaos/backend/src/main/java/com/athleticaos/backend/repositories/SeasonRepository.java
/Users/futureflash/Desktop/Projects/athleticaos/backend/src/main/java/com/athleticaos/backend/repositories/MatchEventRepository.java
/Users/futureflash/Desktop/Projects/athleticaos/backend/src/main/java/com/athleticaos/backend/dtos/user/UserResponse.java
/Users/futureflash/Desktop/Projects/athleticaos/backend/src/main/java/com/athleticaos/backend/services/MatchEventService.java
/Users/futureflash/Desktop/Projects/athleticaos/backend/src/main/java/com/athleticaos/backend/dtos/tournament/BracketViewResponse.java
